error: Type not supported by the `ModuleInfo` macro
  --> tests/module_info/not_supported_type.rs:10:18
   |
10 |     test_state1: [usize; 22],
   |                  ^^^^^^^^^^^
